MSBuild version 17.14.10+8b8e13593 for .NET Framework

  reaper_transitions.vcxproj -> C:\Users\Noah Jorgensen\Documents\SWS Project\sws-master\reaper-transition-snapshots\build\Release\reaper_transitions.dll
